
         /\      Grafana   /‾‾/  
    /\  /  \     |\  __   /  /   
   /  \/    \    | |/ /  /   ‾‾\ 
  /          \   |   (  |  (‾)  |
 / __________ \  |_|\_\  \_____/ 


     execution: local
        script: benchmarks/post-heavy.js
        output: -

     scenarios: (100.00%) 1 scenario, 250 max VUs, 2m40s max duration (incl. graceful stop):
              * default: Up to 250 looping VUs for 2m10s over 5 stages (gracefulRampDown: 30s, gracefulStop: 30s)


running (0m01.0s), 002/250 VUs, 26 complete and 0 interrupted iterations
default   [   1% ] 002/250 VUs  0m01.0s/2m10.0s

running (0m02.0s), 004/250 VUs, 84 complete and 0 interrupted iterations
default   [   2% ] 004/250 VUs  0m02.0s/2m10.0s

running (0m03.0s), 006/250 VUs, 182 complete and 0 interrupted iterations
default   [   2% ] 006/250 VUs  0m03.0s/2m10.0s

running (0m04.0s), 008/250 VUs, 311 complete and 0 interrupted iterations
default   [   3% ] 008/250 VUs  0m04.0s/2m10.0s

running (0m05.0s), 010/250 VUs, 479 complete and 0 interrupted iterations
default   [   4% ] 010/250 VUs  0m05.0s/2m10.0s

running (0m06.0s), 012/250 VUs, 679 complete and 0 interrupted iterations
default   [   5% ] 012/250 VUs  0m06.0s/2m10.0s

running (0m07.0s), 014/250 VUs, 916 complete and 0 interrupted iterations
default   [   5% ] 014/250 VUs  0m07.0s/2m10.0s

running (0m08.0s), 016/250 VUs, 1188 complete and 0 interrupted iterations
default   [   6% ] 016/250 VUs  0m08.0s/2m10.0s

running (0m09.0s), 018/250 VUs, 1494 complete and 0 interrupted iterations
default   [   7% ] 018/250 VUs  0m09.0s/2m10.0s

running (0m10.0s), 019/250 VUs, 1837 complete and 0 interrupted iterations
default   [   8% ] 019/250 VUs  0m10.0s/2m10.0s

running (0m11.0s), 022/250 VUs, 2223 complete and 0 interrupted iterations
default   [   8% ] 022/250 VUs  0m11.0s/2m10.0s

running (0m12.0s), 025/250 VUs, 2664 complete and 0 interrupted iterations
default   [   9% ] 025/250 VUs  0m12.0s/2m10.0s

running (0m13.0s), 028/250 VUs, 3163 complete and 0 interrupted iterations
default   [  10% ] 028/250 VUs  0m13.0s/2m10.0s

running (0m14.0s), 031/250 VUs, 3714 complete and 0 interrupted iterations
default   [  11% ] 031/250 VUs  0m14.0s/2m10.0s

running (0m15.0s), 034/250 VUs, 4326 complete and 0 interrupted iterations
default   [  12% ] 034/250 VUs  0m15.0s/2m10.0s

running (0m16.0s), 037/250 VUs, 4987 complete and 0 interrupted iterations
default   [  12% ] 037/250 VUs  0m16.0s/2m10.0s

running (0m17.0s), 040/250 VUs, 5710 complete and 0 interrupted iterations
default   [  13% ] 040/250 VUs  0m17.0s/2m10.0s

running (0m18.0s), 043/250 VUs, 6478 complete and 0 interrupted iterations
default   [  14% ] 043/250 VUs  0m18.0s/2m10.0s

running (0m19.0s), 046/250 VUs, 7314 complete and 0 interrupted iterations
default   [  15% ] 046/250 VUs  0m19.0s/2m10.0s

running (0m20.0s), 049/250 VUs, 8195 complete and 0 interrupted iterations
default   [  15% ] 049/250 VUs  0m20.0s/2m10.0s

running (0m21.0s), 052/250 VUs, 9137 complete and 0 interrupted iterations
default   [  16% ] 052/250 VUs  0m21.0s/2m10.0s

running (0m22.0s), 055/250 VUs, 10130 complete and 0 interrupted iterations
default   [  17% ] 055/250 VUs  0m22.0s/2m10.0s

running (0m23.0s), 058/250 VUs, 11188 complete and 0 interrupted iterations
default   [  18% ] 058/250 VUs  0m23.0s/2m10.0s

running (0m24.0s), 061/250 VUs, 12103 complete and 0 interrupted iterations
default   [  18% ] 061/250 VUs  0m24.0s/2m10.0s

running (0m25.0s), 064/250 VUs, 13087 complete and 0 interrupted iterations
default   [  19% ] 064/250 VUs  0m25.0s/2m10.0s

running (0m26.0s), 067/250 VUs, 14273 complete and 0 interrupted iterations
default   [  20% ] 067/250 VUs  0m26.0s/2m10.0s

running (0m27.0s), 070/250 VUs, 15525 complete and 0 interrupted iterations
default   [  21% ] 070/250 VUs  0m27.0s/2m10.0s

running (0m28.0s), 073/250 VUs, 16847 complete and 0 interrupted iterations
default   [  22% ] 073/250 VUs  0m28.0s/2m10.0s

running (0m29.0s), 076/250 VUs, 18234 complete and 0 interrupted iterations
default   [  22% ] 076/250 VUs  0m29.0s/2m10.0s

running (0m30.0s), 079/250 VUs, 19651 complete and 0 interrupted iterations
default   [  23% ] 079/250 VUs  0m30.0s/2m10.0s

running (0m31.0s), 081/250 VUs, 21135 complete and 0 interrupted iterations
default   [  24% ] 081/250 VUs  0m31.0s/2m10.0s

running (0m32.0s), 083/250 VUs, 22653 complete and 0 interrupted iterations
default   [  25% ] 083/250 VUs  0m32.0s/2m10.0s

running (0m33.0s), 085/250 VUs, 24179 complete and 0 interrupted iterations
default   [  25% ] 085/250 VUs  0m33.0s/2m10.0s

running (0m34.0s), 086/250 VUs, 25706 complete and 0 interrupted iterations
default   [  26% ] 086/250 VUs  0m34.0s/2m10.0s

running (0m35.0s), 088/250 VUs, 27196 complete and 0 interrupted iterations
default   [  27% ] 088/250 VUs  0m35.0s/2m10.0s

running (0m36.0s), 090/250 VUs, 28660 complete and 0 interrupted iterations
default   [  28% ] 090/250 VUs  0m36.0s/2m10.0s

running (0m37.0s), 092/250 VUs, 30317 complete and 0 interrupted iterations
default   [  28% ] 092/250 VUs  0m37.0s/2m10.0s

running (0m38.0s), 093/250 VUs, 32051 complete and 0 interrupted iterations
default   [  29% ] 093/250 VUs  0m38.0s/2m10.0s

running (0m39.0s), 095/250 VUs, 33724 complete and 0 interrupted iterations
default   [  30% ] 095/250 VUs  0m39.0s/2m10.0s

running (0m40.0s), 097/250 VUs, 35529 complete and 0 interrupted iterations
default   [  31% ] 097/250 VUs  0m40.0s/2m10.0s

running (0m41.0s), 099/250 VUs, 37284 complete and 0 interrupted iterations
default   [  32% ] 099/250 VUs  0m41.0s/2m10.0s

running (0m42.0s), 100/250 VUs, 38864 complete and 0 interrupted iterations
default   [  32% ] 100/250 VUs  0m42.0s/2m10.0s

running (0m43.0s), 102/250 VUs, 40652 complete and 0 interrupted iterations
default   [  33% ] 102/250 VUs  0m43.0s/2m10.0s

running (0m44.0s), 104/250 VUs, 42448 complete and 0 interrupted iterations
default   [  34% ] 104/250 VUs  0m44.0s/2m10.0s

running (0m45.0s), 106/250 VUs, 44282 complete and 0 interrupted iterations
default   [  35% ] 106/250 VUs  0m45.0s/2m10.0s

running (0m46.0s), 107/250 VUs, 46242 complete and 0 interrupted iterations
default   [  35% ] 107/250 VUs  0m46.0s/2m10.0s

running (0m47.0s), 109/250 VUs, 48249 complete and 0 interrupted iterations
default   [  36% ] 109/250 VUs  0m47.0s/2m10.0s

running (0m48.0s), 111/250 VUs, 50147 complete and 0 interrupted iterations
default   [  37% ] 111/250 VUs  0m48.0s/2m10.0s

running (0m49.0s), 113/250 VUs, 52210 complete and 0 interrupted iterations
default   [  38% ] 113/250 VUs  0m49.0s/2m10.0s

running (0m50.0s), 114/250 VUs, 54261 complete and 0 interrupted iterations
default   [  38% ] 114/250 VUs  0m50.0s/2m10.0s

running (0m51.0s), 116/250 VUs, 56370 complete and 0 interrupted iterations
default   [  39% ] 116/250 VUs  0m51.0s/2m10.0s

running (0m52.0s), 118/250 VUs, 58455 complete and 0 interrupted iterations
default   [  40% ] 118/250 VUs  0m52.0s/2m10.0s

running (0m53.0s), 120/250 VUs, 60638 complete and 0 interrupted iterations
default   [  41% ] 120/250 VUs  0m53.0s/2m10.0s

running (0m54.0s), 121/250 VUs, 62561 complete and 0 interrupted iterations
default   [  42% ] 121/250 VUs  0m54.0s/2m10.0s

running (0m55.0s), 123/250 VUs, 64629 complete and 0 interrupted iterations
default   [  42% ] 123/250 VUs  0m55.0s/2m10.0s

running (0m56.0s), 125/250 VUs, 66785 complete and 0 interrupted iterations
default   [  43% ] 125/250 VUs  0m56.0s/2m10.0s

running (0m57.0s), 127/250 VUs, 68998 complete and 0 interrupted iterations
default   [  44% ] 127/250 VUs  0m57.0s/2m10.0s

running (0m58.0s), 128/250 VUs, 71040 complete and 0 interrupted iterations
default   [  45% ] 128/250 VUs  0m58.0s/2m10.0s

running (0m59.0s), 130/250 VUs, 73268 complete and 0 interrupted iterations
default   [  45% ] 130/250 VUs  0m59.0s/2m10.0s

running (1m00.0s), 132/250 VUs, 75427 complete and 0 interrupted iterations
default   [  46% ] 132/250 VUs  1m00.0s/2m10.0s

running (1m01.0s), 134/250 VUs, 77531 complete and 0 interrupted iterations
default   [  47% ] 134/250 VUs  1m01.0s/2m10.0s

running (1m02.0s), 135/250 VUs, 79744 complete and 0 interrupted iterations
default   [  48% ] 135/250 VUs  1m02.0s/2m10.0s

running (1m03.0s), 137/250 VUs, 81959 complete and 0 interrupted iterations
default   [  48% ] 137/250 VUs  1m03.0s/2m10.0s

running (1m04.0s), 139/250 VUs, 84088 complete and 0 interrupted iterations
default   [  49% ] 139/250 VUs  1m04.0s/2m10.0s

running (1m05.0s), 141/250 VUs, 86240 complete and 0 interrupted iterations
default   [  50% ] 141/250 VUs  1m05.0s/2m10.0s

running (1m06.0s), 142/250 VUs, 88500 complete and 0 interrupted iterations
default   [  51% ] 142/250 VUs  1m06.0s/2m10.0s

running (1m07.0s), 144/250 VUs, 90627 complete and 0 interrupted iterations
default   [  52% ] 144/250 VUs  1m07.0s/2m10.0s

running (1m08.0s), 146/250 VUs, 92700 complete and 0 interrupted iterations
default   [  52% ] 146/250 VUs  1m08.0s/2m10.0s

running (1m09.0s), 148/250 VUs, 94868 complete and 0 interrupted iterations
default   [  53% ] 148/250 VUs  1m09.0s/2m10.0s

running (1m10.0s), 149/250 VUs, 96929 complete and 0 interrupted iterations
default   [  54% ] 149/250 VUs  1m10.0s/2m10.0s

running (1m11.0s), 152/250 VUs, 99071 complete and 0 interrupted iterations
default   [  55% ] 152/250 VUs  1m11.0s/2m10.0s

running (1m12.0s), 154/250 VUs, 101168 complete and 0 interrupted iterations
default   [  55% ] 154/250 VUs  1m12.0s/2m10.0s

running (1m13.0s), 157/250 VUs, 103074 complete and 0 interrupted iterations
default   [  56% ] 157/250 VUs  1m13.0s/2m10.0s

running (1m14.0s), 159/250 VUs, 105195 complete and 0 interrupted iterations
default   [  57% ] 159/250 VUs  1m14.0s/2m10.0s

running (1m15.0s), 162/250 VUs, 107223 complete and 0 interrupted iterations
default   [  58% ] 162/250 VUs  1m15.0s/2m10.0s

running (1m16.0s), 164/250 VUs, 109211 complete and 0 interrupted iterations
default   [  58% ] 164/250 VUs  1m16.0s/2m10.0s

running (1m17.0s), 167/250 VUs, 111121 complete and 0 interrupted iterations
default   [  59% ] 167/250 VUs  1m17.0s/2m10.0s

running (1m18.0s), 169/250 VUs, 113188 complete and 0 interrupted iterations
default   [  60% ] 169/250 VUs  1m18.0s/2m10.0s

running (1m19.0s), 172/250 VUs, 115018 complete and 0 interrupted iterations
default   [  61% ] 172/250 VUs  1m19.0s/2m10.0s

running (1m20.0s), 174/250 VUs, 116994 complete and 0 interrupted iterations
default   [  62% ] 174/250 VUs  1m20.0s/2m10.0s

running (1m21.0s), 177/250 VUs, 118962 complete and 0 interrupted iterations
default   [  62% ] 177/250 VUs  1m21.0s/2m10.0s

running (1m22.0s), 179/250 VUs, 120847 complete and 0 interrupted iterations
default   [  63% ] 179/250 VUs  1m22.0s/2m10.0s

running (1m23.0s), 182/250 VUs, 122471 complete and 0 interrupted iterations
default   [  64% ] 182/250 VUs  1m23.0s/2m10.0s

running (1m24.0s), 184/250 VUs, 123920 complete and 0 interrupted iterations
default   [  65% ] 184/250 VUs  1m24.0s/2m10.0s

running (1m25.0s), 187/250 VUs, 125522 complete and 0 interrupted iterations
default   [  65% ] 187/250 VUs  1m25.0s/2m10.0s

running (1m26.0s), 189/250 VUs, 127090 complete and 0 interrupted iterations
default   [  66% ] 189/250 VUs  1m26.0s/2m10.0s

running (1m27.0s), 192/250 VUs, 128389 complete and 0 interrupted iterations
default   [  67% ] 192/250 VUs  1m27.0s/2m10.0s

running (1m28.0s), 194/250 VUs, 129537 complete and 0 interrupted iterations
default   [  68% ] 194/250 VUs  1m28.0s/2m10.0s

running (1m29.0s), 197/250 VUs, 130683 complete and 0 interrupted iterations
default   [  68% ] 197/250 VUs  1m29.0s/2m10.0s

running (1m30.0s), 199/250 VUs, 131508 complete and 0 interrupted iterations
default   [  69% ] 199/250 VUs  1m30.0s/2m10.0s

running (1m31.0s), 202/250 VUs, 132279 complete and 0 interrupted iterations
default   [  70% ] 202/250 VUs  1m31.0s/2m10.0s

running (1m32.0s), 204/250 VUs, 133062 complete and 0 interrupted iterations
default   [  71% ] 204/250 VUs  1m32.0s/2m10.0s

running (1m33.0s), 207/250 VUs, 133866 complete and 0 interrupted iterations
default   [  72% ] 207/250 VUs  1m33.0s/2m10.0s

running (1m34.0s), 209/250 VUs, 134881 complete and 0 interrupted iterations
default   [  72% ] 209/250 VUs  1m34.0s/2m10.0s

running (1m35.0s), 212/250 VUs, 135794 complete and 0 interrupted iterations
default   [  73% ] 212/250 VUs  1m35.0s/2m10.0s

running (1m36.0s), 214/250 VUs, 136438 complete and 0 interrupted iterations
default   [  74% ] 214/250 VUs  1m36.0s/2m10.0s

running (1m37.0s), 217/250 VUs, 137258 complete and 0 interrupted iterations
default   [  75% ] 217/250 VUs  1m37.0s/2m10.0s

running (1m38.0s), 219/250 VUs, 137944 complete and 0 interrupted iterations
default   [  75% ] 219/250 VUs  1m38.0s/2m10.0s

running (1m39.0s), 222/250 VUs, 138867 complete and 0 interrupted iterations
default   [  76% ] 222/250 VUs  1m39.0s/2m10.0s

running (1m40.0s), 224/250 VUs, 139637 complete and 0 interrupted iterations
default   [  77% ] 224/250 VUs  1m40.0s/2m10.0s

running (1m41.0s), 227/250 VUs, 140532 complete and 0 interrupted iterations
default   [  78% ] 227/250 VUs  1m41.0s/2m10.0s

running (1m42.0s), 229/250 VUs, 141193 complete and 0 interrupted iterations
default   [  78% ] 229/250 VUs  1m42.0s/2m10.0s

running (1m43.0s), 232/250 VUs, 141887 complete and 0 interrupted iterations
default   [  79% ] 232/250 VUs  1m43.0s/2m10.0s

running (1m44.0s), 234/250 VUs, 142584 complete and 0 interrupted iterations
default   [  80% ] 234/250 VUs  1m44.0s/2m10.0s

running (1m45.0s), 237/250 VUs, 143497 complete and 0 interrupted iterations
default   [  81% ] 237/250 VUs  1m45.0s/2m10.0s

running (1m46.0s), 239/250 VUs, 144041 complete and 0 interrupted iterations
default   [  82% ] 239/250 VUs  1m46.0s/2m10.0s

running (1m47.0s), 242/250 VUs, 145012 complete and 0 interrupted iterations
default   [  82% ] 242/250 VUs  1m47.0s/2m10.0s

running (1m48.0s), 244/250 VUs, 145686 complete and 0 interrupted iterations
default   [  83% ] 244/250 VUs  1m48.0s/2m10.0s

running (1m49.0s), 247/250 VUs, 146186 complete and 0 interrupted iterations
default   [  84% ] 247/250 VUs  1m49.0s/2m10.0s

running (1m50.0s), 249/250 VUs, 146932 complete and 0 interrupted iterations
default   [  85% ] 249/250 VUs  1m50.0s/2m10.0s

running (1m51.0s), 240/250 VUs, 147941 complete and 0 interrupted iterations
default   [  85% ] 240/250 VUs  1m51.0s/2m10.0s

running (1m52.0s), 230/250 VUs, 148478 complete and 0 interrupted iterations
default   [  86% ] 230/250 VUs  1m52.0s/2m10.0s

running (1m53.0s), 215/250 VUs, 149175 complete and 0 interrupted iterations
default   [  87% ] 215/250 VUs  1m53.0s/2m10.0s

running (1m54.0s), 203/250 VUs, 149974 complete and 0 interrupted iterations
default   [  88% ] 203/250 VUs  1m54.0s/2m10.0s

running (1m55.0s), 189/250 VUs, 150550 complete and 0 interrupted iterations
default   [  88% ] 189/250 VUs  1m55.0s/2m10.0s

running (1m56.0s), 176/250 VUs, 151251 complete and 0 interrupted iterations
default   [  89% ] 176/250 VUs  1m56.0s/2m10.0s

running (1m57.0s), 165/250 VUs, 152088 complete and 0 interrupted iterations
default   [  90% ] 165/250 VUs  1m57.0s/2m10.0s

running (1m58.0s), 153/250 VUs, 152560 complete and 0 interrupted iterations
default   [  91% ] 153/250 VUs  1m58.0s/2m10.0s

running (1m59.0s), 142/250 VUs, 153325 complete and 0 interrupted iterations
default   [  92% ] 142/250 VUs  1m59.0s/2m10.0s

running (2m00.0s), 128/250 VUs, 153837 complete and 0 interrupted iterations
default   [  92% ] 128/250 VUs  2m00.0s/2m10.0s

running (2m01.0s), 114/250 VUs, 154528 complete and 0 interrupted iterations
default   [  93% ] 114/250 VUs  2m01.0s/2m10.0s

running (2m02.0s), 102/250 VUs, 155165 complete and 0 interrupted iterations
default   [  94% ] 102/250 VUs  2m02.0s/2m10.0s

running (2m03.0s), 089/250 VUs, 155727 complete and 0 interrupted iterations
default   [  95% ] 089/250 VUs  2m03.0s/2m10.0s

running (2m04.0s), 078/250 VUs, 156258 complete and 0 interrupted iterations
default   [  95% ] 078/250 VUs  2m04.0s/2m10.0s

running (2m05.0s), 064/250 VUs, 156986 complete and 0 interrupted iterations
default   [  96% ] 064/250 VUs  2m05.0s/2m10.0s

running (2m06.0s), 051/250 VUs, 157534 complete and 0 interrupted iterations
default   [  97% ] 051/250 VUs  2m06.0s/2m10.0s

running (2m07.0s), 039/250 VUs, 158037 complete and 0 interrupted iterations
default   [  98% ] 039/250 VUs  2m07.0s/2m10.0s

running (2m08.0s), 026/250 VUs, 158503 complete and 0 interrupted iterations
default   [  98% ] 026/250 VUs  2m08.0s/2m10.0s

running (2m09.0s), 014/250 VUs, 158845 complete and 0 interrupted iterations
default   [  99% ] 014/250 VUs  2m09.0s/2m10.0s

running (2m10.0s), 001/250 VUs, 158981 complete and 0 interrupted iterations
default   [ 100% ] 001/250 VUs  2m10.0s/2m10.0s


  █ THRESHOLDS 

    http_req_failed
    ✓ 'rate<0.05' rate=0.00%


  █ TOTAL RESULTS 

    checks_total.......: 326039  2507.57184/s
    checks_succeeded...: 100.00% 326039 out of 326039
    checks_failed......: 0.00%   0 out of 326039

    ✓ create 201
    ✓ get 200
    ✓ count 200

    HTTP
    http_req_duration..............: avg=24.99ms min=159.92µs med=3.7ms   max=601.99ms p(90)=85.86ms  p(95)=147.18ms p(99)=260.54ms
      { expected_response:true }...: avg=24.99ms min=159.92µs med=3.7ms   max=601.99ms p(90)=85.86ms  p(95)=147.18ms p(99)=260.54ms
    http_req_failed................: 0.00%  0 out of 326039
    http_reqs......................: 326039 2507.57184/s

    EXECUTION
    iteration_duration.............: avg=101.8ms min=51.94ms  med=59.09ms max=1s       p(90)=215.27ms p(95)=306.79ms p(99)=413.49ms
    iterations.....................: 158982 1222.733434/s
    vus............................: 1      min=1           max=249
    vus_max........................: 250    min=250         max=250

    NETWORK
    data_received..................: 94 MB  726 kB/s
    data_sent......................: 55 MB  420 kB/s




running (2m10.0s), 000/250 VUs, 158982 complete and 0 interrupted iterations
default ✓ [ 100% ] 000/250 VUs  2m10s
