
         /\      Grafana   /‾‾/  
    /\  /  \     |\  __   /  /   
   /  \/    \    | |/ /  /   ‾‾\ 
  /          \   |   (  |  (‾)  |
 / __________ \  |_|\_\  \_____/ 


     execution: local
        script: benchmarks/get-by-id-heavy.js
        output: -

     scenarios: (100.00%) 1 scenario, 100 max VUs, 1m30s max duration (incl. graceful stop):
              * default: 100 looping VUs for 1m0s (gracefulStop: 30s)


running (0m01.0s), 100/100 VUs, 1466 complete and 0 interrupted iterations
default   [   1% ] 100 VUs  0m00.4s/1m0s

running (0m02.0s), 100/100 VUs, 5357 complete and 0 interrupted iterations
default   [   2% ] 100 VUs  0m01.4s/1m0s

running (0m03.0s), 100/100 VUs, 9362 complete and 0 interrupted iterations
default   [   4% ] 100 VUs  0m02.4s/1m0s

running (0m04.0s), 100/100 VUs, 13279 complete and 0 interrupted iterations
default   [   6% ] 100 VUs  0m03.4s/1m0s

running (0m05.0s), 100/100 VUs, 17293 complete and 0 interrupted iterations
default   [   7% ] 100 VUs  0m04.4s/1m0s

running (0m06.0s), 100/100 VUs, 21250 complete and 0 interrupted iterations
default   [   9% ] 100 VUs  0m05.4s/1m0s

running (0m07.0s), 100/100 VUs, 25297 complete and 0 interrupted iterations
default   [  11% ] 100 VUs  0m06.4s/1m0s

running (0m08.0s), 100/100 VUs, 29308 complete and 0 interrupted iterations
default   [  12% ] 100 VUs  0m07.4s/1m0s

running (0m09.0s), 100/100 VUs, 33299 complete and 0 interrupted iterations
default   [  14% ] 100 VUs  0m08.4s/1m0s

running (0m10.0s), 100/100 VUs, 37287 complete and 0 interrupted iterations
default   [  16% ] 100 VUs  0m09.4s/1m0s

running (0m11.0s), 100/100 VUs, 41294 complete and 0 interrupted iterations
default   [  17% ] 100 VUs  0m10.4s/1m0s

running (0m12.0s), 100/100 VUs, 45243 complete and 0 interrupted iterations
default   [  19% ] 100 VUs  0m11.4s/1m0s

running (0m13.0s), 100/100 VUs, 49324 complete and 0 interrupted iterations
default   [  21% ] 100 VUs  0m12.4s/1m0s

running (0m14.0s), 100/100 VUs, 53366 complete and 0 interrupted iterations
default   [  22% ] 100 VUs  0m13.4s/1m0s

running (0m15.0s), 100/100 VUs, 57323 complete and 0 interrupted iterations
default   [  24% ] 100 VUs  0m14.4s/1m0s

running (0m16.0s), 100/100 VUs, 61479 complete and 0 interrupted iterations
default   [  26% ] 100 VUs  0m15.4s/1m0s

running (0m17.0s), 100/100 VUs, 65655 complete and 0 interrupted iterations
default   [  27% ] 100 VUs  0m16.4s/1m0s

running (0m18.0s), 100/100 VUs, 69675 complete and 0 interrupted iterations
default   [  29% ] 100 VUs  0m17.4s/1m0s

running (0m19.0s), 100/100 VUs, 73798 complete and 0 interrupted iterations
default   [  31% ] 100 VUs  0m18.4s/1m0s

running (0m20.0s), 100/100 VUs, 77921 complete and 0 interrupted iterations
default   [  32% ] 100 VUs  0m19.4s/1m0s

running (0m21.0s), 100/100 VUs, 82001 complete and 0 interrupted iterations
default   [  34% ] 100 VUs  0m20.4s/1m0s

running (0m22.0s), 100/100 VUs, 86109 complete and 0 interrupted iterations
default   [  36% ] 100 VUs  0m21.4s/1m0s

running (0m23.0s), 100/100 VUs, 90318 complete and 0 interrupted iterations
default   [  37% ] 100 VUs  0m22.4s/1m0s

running (0m24.0s), 100/100 VUs, 94288 complete and 0 interrupted iterations
default   [  39% ] 100 VUs  0m23.4s/1m0s

running (0m25.0s), 100/100 VUs, 98434 complete and 0 interrupted iterations
default   [  41% ] 100 VUs  0m24.4s/1m0s

running (0m26.0s), 100/100 VUs, 102087 complete and 0 interrupted iterations
default   [  42% ] 100 VUs  0m25.4s/1m0s

running (0m27.0s), 100/100 VUs, 105342 complete and 0 interrupted iterations
default   [  44% ] 100 VUs  0m26.4s/1m0s

running (0m28.0s), 100/100 VUs, 108660 complete and 0 interrupted iterations
default   [  46% ] 100 VUs  0m27.4s/1m0s

running (0m29.0s), 100/100 VUs, 111896 complete and 0 interrupted iterations
default   [  47% ] 100 VUs  0m28.4s/1m0s

running (0m30.0s), 100/100 VUs, 115371 complete and 0 interrupted iterations
default   [  49% ] 100 VUs  0m29.4s/1m0s

running (0m31.0s), 100/100 VUs, 118768 complete and 0 interrupted iterations
default   [  51% ] 100 VUs  0m30.4s/1m0s

running (0m32.0s), 100/100 VUs, 122209 complete and 0 interrupted iterations
default   [  52% ] 100 VUs  0m31.4s/1m0s

running (0m33.0s), 100/100 VUs, 125572 complete and 0 interrupted iterations
default   [  54% ] 100 VUs  0m32.4s/1m0s

running (0m34.0s), 100/100 VUs, 128922 complete and 0 interrupted iterations
default   [  56% ] 100 VUs  0m33.4s/1m0s

running (0m35.0s), 100/100 VUs, 132203 complete and 0 interrupted iterations
default   [  57% ] 100 VUs  0m34.4s/1m0s

running (0m36.0s), 100/100 VUs, 135455 complete and 0 interrupted iterations
default   [  59% ] 100 VUs  0m35.4s/1m0s

running (0m37.0s), 100/100 VUs, 138911 complete and 0 interrupted iterations
default   [  61% ] 100 VUs  0m36.4s/1m0s

running (0m38.0s), 100/100 VUs, 142111 complete and 0 interrupted iterations
default   [  62% ] 100 VUs  0m37.4s/1m0s

running (0m39.0s), 100/100 VUs, 145583 complete and 0 interrupted iterations
default   [  64% ] 100 VUs  0m38.4s/1m0s

running (0m40.0s), 100/100 VUs, 148950 complete and 0 interrupted iterations
default   [  66% ] 100 VUs  0m39.4s/1m0s

running (0m41.0s), 100/100 VUs, 152490 complete and 0 interrupted iterations
default   [  67% ] 100 VUs  0m40.4s/1m0s

running (0m42.0s), 100/100 VUs, 155885 complete and 0 interrupted iterations
default   [  69% ] 100 VUs  0m41.4s/1m0s

running (0m43.0s), 100/100 VUs, 159462 complete and 0 interrupted iterations
default   [  71% ] 100 VUs  0m42.4s/1m0s

running (0m44.0s), 100/100 VUs, 162815 complete and 0 interrupted iterations
default   [  72% ] 100 VUs  0m43.4s/1m0s

running (0m45.0s), 100/100 VUs, 166314 complete and 0 interrupted iterations
default   [  74% ] 100 VUs  0m44.4s/1m0s

running (0m46.0s), 100/100 VUs, 169706 complete and 0 interrupted iterations
default   [  76% ] 100 VUs  0m45.4s/1m0s

running (0m47.0s), 100/100 VUs, 173296 complete and 0 interrupted iterations
default   [  77% ] 100 VUs  0m46.4s/1m0s

running (0m48.0s), 100/100 VUs, 176951 complete and 0 interrupted iterations
default   [  79% ] 100 VUs  0m47.4s/1m0s

running (0m49.0s), 100/100 VUs, 180548 complete and 0 interrupted iterations
default   [  81% ] 100 VUs  0m48.4s/1m0s

running (0m50.0s), 100/100 VUs, 184261 complete and 0 interrupted iterations
default   [  82% ] 100 VUs  0m49.4s/1m0s

running (0m51.0s), 100/100 VUs, 187860 complete and 0 interrupted iterations
default   [  84% ] 100 VUs  0m50.4s/1m0s

running (0m52.0s), 100/100 VUs, 191388 complete and 0 interrupted iterations
default   [  86% ] 100 VUs  0m51.4s/1m0s

running (0m53.0s), 100/100 VUs, 195156 complete and 0 interrupted iterations
default   [  87% ] 100 VUs  0m52.4s/1m0s

running (0m54.0s), 100/100 VUs, 198741 complete and 0 interrupted iterations
default   [  89% ] 100 VUs  0m53.4s/1m0s

running (0m55.0s), 100/100 VUs, 202468 complete and 0 interrupted iterations
default   [  91% ] 100 VUs  0m54.4s/1m0s

running (0m56.0s), 100/100 VUs, 205812 complete and 0 interrupted iterations
default   [  92% ] 100 VUs  0m55.4s/1m0s

running (0m57.0s), 100/100 VUs, 209204 complete and 0 interrupted iterations
default   [  94% ] 100 VUs  0m56.4s/1m0s

running (0m58.0s), 100/100 VUs, 212649 complete and 0 interrupted iterations
default   [  96% ] 100 VUs  0m57.4s/1m0s

running (0m59.0s), 100/100 VUs, 215879 complete and 0 interrupted iterations
default   [  97% ] 100 VUs  0m58.4s/1m0s

running (1m00.0s), 100/100 VUs, 219123 complete and 0 interrupted iterations
default   [  99% ] 100 VUs  0m59.4s/1m0s


  █ THRESHOLDS 

    http_req_failed
    ✓ 'rate<0.01' rate=0.00%


  █ TOTAL RESULTS 

    checks_total.......: 442662  7297.674844/s
    checks_succeeded...: 100.00% 442662 out of 442662
    checks_failed......: 0.00%   0 out of 442662

    ✓ get 200
    ✓ body has id

    HTTP
    http_req_duration..............: avg=6.69ms  min=173.12µs med=1.17ms  max=81.62ms  p(90)=17.4ms  p(95)=36.17ms p(99)=37.14ms
      { expected_response:true }...: avg=6.69ms  min=173.12µs med=1.17ms  max=81.62ms  p(90)=17.4ms  p(95)=36.17ms p(99)=37.14ms
    http_req_failed................: 0.00%  0 out of 221631
    http_reqs......................: 221631 3653.783188/s

    EXECUTION
    iteration_duration.............: avg=27.09ms min=20.22ms  med=21.56ms max=102.12ms p(90)=37.88ms p(95)=56.62ms p(99)=57.77ms
    iterations.....................: 221331 3648.837422/s
    vus............................: 100    min=100         max=100
    vus_max........................: 100    min=100         max=100

    NETWORK
    data_received..................: 68 MB  1.1 MB/s
    data_sent......................: 25 MB  417 kB/s




running (1m00.7s), 000/100 VUs, 221331 complete and 0 interrupted iterations
default ✓ [ 100% ] 100 VUs  1m0s
