
         /\      Grafana   /‾‾/  
    /\  /  \     |\  __   /  /   
   /  \/    \    | |/ /  /   ‾‾\ 
  /          \   |   (  |  (‾)  |
 / __________ \  |_|\_\  \_____/ 


     execution: local
        script: /b/search-heavy.js
        output: -

     scenarios: (100.00%) 1 scenario, 100 max VUs, 1m30s max duration (incl. graceful stop):
              * default: 100 looping VUs for 1m0s (gracefulStop: 30s)


running (0m01.0s), 100/100 VUs, 264 complete and 0 interrupted iterations
default   [   1% ] 100 VUs  0m00.6s/1m0s

running (0m02.0s), 100/100 VUs, 583 complete and 0 interrupted iterations
default   [   3% ] 100 VUs  0m01.6s/1m0s

running (0m03.0s), 100/100 VUs, 900 complete and 0 interrupted iterations
default   [   4% ] 100 VUs  0m02.6s/1m0s

running (0m04.0s), 100/100 VUs, 1221 complete and 0 interrupted iterations
default   [   6% ] 100 VUs  0m03.6s/1m0s

running (0m05.0s), 100/100 VUs, 1521 complete and 0 interrupted iterations
default   [   8% ] 100 VUs  0m04.6s/1m0s

running (0m06.0s), 100/100 VUs, 1828 complete and 0 interrupted iterations
default   [   9% ] 100 VUs  0m05.6s/1m0s

running (0m07.0s), 100/100 VUs, 2164 complete and 0 interrupted iterations
default   [  11% ] 100 VUs  0m06.6s/1m0s

running (0m08.0s), 100/100 VUs, 2523 complete and 0 interrupted iterations
default   [  13% ] 100 VUs  0m07.6s/1m0s

running (0m09.0s), 100/100 VUs, 2865 complete and 0 interrupted iterations
default   [  14% ] 100 VUs  0m08.6s/1m0s

running (0m10.0s), 100/100 VUs, 3214 complete and 0 interrupted iterations
default   [  16% ] 100 VUs  0m09.6s/1m0s

running (0m11.0s), 100/100 VUs, 3587 complete and 0 interrupted iterations
default   [  18% ] 100 VUs  0m10.6s/1m0s

running (0m12.0s), 100/100 VUs, 3936 complete and 0 interrupted iterations
default   [  19% ] 100 VUs  0m11.6s/1m0s

running (0m13.0s), 100/100 VUs, 4303 complete and 0 interrupted iterations
default   [  21% ] 100 VUs  0m12.6s/1m0s

running (0m14.0s), 100/100 VUs, 4655 complete and 0 interrupted iterations
default   [  23% ] 100 VUs  0m13.6s/1m0s

running (0m15.0s), 100/100 VUs, 5005 complete and 0 interrupted iterations
default   [  24% ] 100 VUs  0m14.6s/1m0s

running (0m16.0s), 100/100 VUs, 5347 complete and 0 interrupted iterations
default   [  26% ] 100 VUs  0m15.6s/1m0s

running (0m17.0s), 100/100 VUs, 5696 complete and 0 interrupted iterations
default   [  28% ] 100 VUs  0m16.6s/1m0s

running (0m18.0s), 100/100 VUs, 6025 complete and 0 interrupted iterations
default   [  29% ] 100 VUs  0m17.6s/1m0s

running (0m19.0s), 100/100 VUs, 6376 complete and 0 interrupted iterations
default   [  31% ] 100 VUs  0m18.6s/1m0s

running (0m20.0s), 100/100 VUs, 6721 complete and 0 interrupted iterations
default   [  33% ] 100 VUs  0m19.6s/1m0s

running (0m21.0s), 100/100 VUs, 7082 complete and 0 interrupted iterations
default   [  34% ] 100 VUs  0m20.6s/1m0s

running (0m22.0s), 100/100 VUs, 7447 complete and 0 interrupted iterations
default   [  36% ] 100 VUs  0m21.6s/1m0s

running (0m23.0s), 100/100 VUs, 7815 complete and 0 interrupted iterations
default   [  38% ] 100 VUs  0m22.6s/1m0s

running (0m24.0s), 100/100 VUs, 8176 complete and 0 interrupted iterations
default   [  39% ] 100 VUs  0m23.6s/1m0s

running (0m25.0s), 100/100 VUs, 8519 complete and 0 interrupted iterations
default   [  41% ] 100 VUs  0m24.6s/1m0s

running (0m26.0s), 100/100 VUs, 8866 complete and 0 interrupted iterations
default   [  43% ] 100 VUs  0m25.6s/1m0s

running (0m27.0s), 100/100 VUs, 9222 complete and 0 interrupted iterations
default   [  44% ] 100 VUs  0m26.6s/1m0s

running (0m28.0s), 100/100 VUs, 9570 complete and 0 interrupted iterations
default   [  46% ] 100 VUs  0m27.6s/1m0s

running (0m29.0s), 100/100 VUs, 9913 complete and 0 interrupted iterations
default   [  48% ] 100 VUs  0m28.6s/1m0s

running (0m30.0s), 100/100 VUs, 10252 complete and 0 interrupted iterations
default   [  49% ] 100 VUs  0m29.6s/1m0s

running (0m31.0s), 100/100 VUs, 10599 complete and 0 interrupted iterations
default   [  51% ] 100 VUs  0m30.6s/1m0s

running (0m32.0s), 100/100 VUs, 10935 complete and 0 interrupted iterations
default   [  53% ] 100 VUs  0m31.6s/1m0s

running (0m33.0s), 100/100 VUs, 11287 complete and 0 interrupted iterations
default   [  54% ] 100 VUs  0m32.6s/1m0s

running (0m34.0s), 100/100 VUs, 11630 complete and 0 interrupted iterations
default   [  56% ] 100 VUs  0m33.6s/1m0s

running (0m35.0s), 100/100 VUs, 11973 complete and 0 interrupted iterations
default   [  58% ] 100 VUs  0m34.6s/1m0s

running (0m36.0s), 100/100 VUs, 12310 complete and 0 interrupted iterations
default   [  59% ] 100 VUs  0m35.6s/1m0s

running (0m37.0s), 100/100 VUs, 12651 complete and 0 interrupted iterations
default   [  61% ] 100 VUs  0m36.6s/1m0s

running (0m38.0s), 100/100 VUs, 12998 complete and 0 interrupted iterations
default   [  63% ] 100 VUs  0m37.6s/1m0s

running (0m39.0s), 100/100 VUs, 13319 complete and 0 interrupted iterations
default   [  64% ] 100 VUs  0m38.6s/1m0s

running (0m40.0s), 100/100 VUs, 13665 complete and 0 interrupted iterations
default   [  66% ] 100 VUs  0m39.6s/1m0s

running (0m41.0s), 100/100 VUs, 14003 complete and 0 interrupted iterations
default   [  68% ] 100 VUs  0m40.6s/1m0s

running (0m42.0s), 100/100 VUs, 14326 complete and 0 interrupted iterations
default   [  69% ] 100 VUs  0m41.6s/1m0s

running (0m43.0s), 100/100 VUs, 14692 complete and 0 interrupted iterations
default   [  71% ] 100 VUs  0m42.6s/1m0s

running (0m44.0s), 100/100 VUs, 15045 complete and 0 interrupted iterations
default   [  73% ] 100 VUs  0m43.6s/1m0s

running (0m45.0s), 100/100 VUs, 15384 complete and 0 interrupted iterations
default   [  74% ] 100 VUs  0m44.6s/1m0s

running (0m46.0s), 100/100 VUs, 15722 complete and 0 interrupted iterations
default   [  76% ] 100 VUs  0m45.6s/1m0s

running (0m47.0s), 100/100 VUs, 16080 complete and 0 interrupted iterations
default   [  78% ] 100 VUs  0m46.6s/1m0s

running (0m48.0s), 100/100 VUs, 16405 complete and 0 interrupted iterations
default   [  79% ] 100 VUs  0m47.6s/1m0s

running (0m49.0s), 100/100 VUs, 16729 complete and 0 interrupted iterations
default   [  81% ] 100 VUs  0m48.6s/1m0s

running (0m50.0s), 100/100 VUs, 17068 complete and 0 interrupted iterations
default   [  83% ] 100 VUs  0m49.6s/1m0s

running (0m51.0s), 100/100 VUs, 17409 complete and 0 interrupted iterations
default   [  84% ] 100 VUs  0m50.6s/1m0s

running (0m52.0s), 100/100 VUs, 17761 complete and 0 interrupted iterations
default   [  86% ] 100 VUs  0m51.6s/1m0s

running (0m53.0s), 100/100 VUs, 18106 complete and 0 interrupted iterations
default   [  88% ] 100 VUs  0m52.6s/1m0s

running (0m54.0s), 100/100 VUs, 18466 complete and 0 interrupted iterations
default   [  89% ] 100 VUs  0m53.6s/1m0s

running (0m55.0s), 100/100 VUs, 18816 complete and 0 interrupted iterations
default   [  91% ] 100 VUs  0m54.6s/1m0s

running (0m56.0s), 100/100 VUs, 19158 complete and 0 interrupted iterations
default   [  93% ] 100 VUs  0m55.6s/1m0s

running (0m57.0s), 100/100 VUs, 19508 complete and 0 interrupted iterations
default   [  94% ] 100 VUs  0m56.6s/1m0s

running (0m58.0s), 100/100 VUs, 19842 complete and 0 interrupted iterations
default   [  96% ] 100 VUs  0m57.6s/1m0s

running (0m59.0s), 100/100 VUs, 20150 complete and 0 interrupted iterations
default   [  98% ] 100 VUs  0m58.6s/1m0s

running (1m00.0s), 100/100 VUs, 20456 complete and 0 interrupted iterations
default   [  99% ] 100 VUs  0m59.6s/1m0s


  █ THRESHOLDS 

    http_req_failed
    ✓ 'rate<0.02' rate=0.00%


  █ TOTAL RESULTS 

    checks_total.......: 41366   682.204572/s
    checks_succeeded...: 100.00% 41366 out of 41366
    checks_failed......: 0.00%   0 out of 41366

    ✓ search hit 200
    ✓ search miss 200

    HTTP
    http_req_duration..............: avg=118.95ms med=106.7ms  p(95)=206.86ms p(99)=281.53ms
      { expected_response:true }...: avg=118.95ms med=106.7ms  p(95)=206.86ms p(99)=281.53ms
    http_req_failed................: 0.00%  0 out of 41566
    http_reqs......................: 41566  685.502955/s

    EXECUTION
    iteration_duration.............: avg=290.48ms med=296.92ms p(95)=406.65ms p(99)=499.28ms
    iterations.....................: 20683  341.102286/s
    vus............................: 100    min=100        max=100
    vus_max........................: 100    min=100        max=100

    NETWORK
    data_received..................: 16 MB  256 kB/s
    data_sent......................: 3.5 MB 58 kB/s




running (1m00.6s), 000/100 VUs, 20683 complete and 0 interrupted iterations
default ✓ [ 100% ] 100 VUs  1m0s
