
         /\      Grafana   /‾‾/  
    /\  /  \     |\  __   /  /   
   /  \/    \    | |/ /  /   ‾‾\ 
  /          \   |   (  |  (‾)  |
 / __________ \  |_|\_\  \_____/ 


     execution: local
        script: benchmarks/post-heavy.js
        output: -

     scenarios: (100.00%) 1 scenario, 250 max VUs, 2m40s max duration (incl. graceful stop):
              * default: Up to 250 looping VUs for 2m10s over 5 stages (gracefulRampDown: 30s, gracefulStop: 30s)


running (0m01.0s), 002/250 VUs, 26 complete and 0 interrupted iterations
default   [   1% ] 002/250 VUs  0m01.0s/2m10.0s

running (0m02.0s), 004/250 VUs, 87 complete and 0 interrupted iterations
default   [   2% ] 004/250 VUs  0m02.0s/2m10.0s

running (0m03.0s), 006/250 VUs, 183 complete and 0 interrupted iterations
default   [   2% ] 006/250 VUs  0m03.0s/2m10.0s

running (0m04.0s), 008/250 VUs, 314 complete and 0 interrupted iterations
default   [   3% ] 008/250 VUs  0m04.0s/2m10.0s

running (0m05.0s), 010/250 VUs, 482 complete and 0 interrupted iterations
default   [   4% ] 010/250 VUs  0m05.0s/2m10.0s

running (0m06.0s), 012/250 VUs, 681 complete and 0 interrupted iterations
default   [   5% ] 012/250 VUs  0m06.0s/2m10.0s

running (0m07.0s), 014/250 VUs, 920 complete and 0 interrupted iterations
default   [   5% ] 014/250 VUs  0m07.0s/2m10.0s

running (0m08.0s), 016/250 VUs, 1188 complete and 0 interrupted iterations
default   [   6% ] 016/250 VUs  0m08.0s/2m10.0s

running (0m09.0s), 018/250 VUs, 1500 complete and 0 interrupted iterations
default   [   7% ] 018/250 VUs  0m09.0s/2m10.0s

running (0m10.0s), 019/250 VUs, 1834 complete and 0 interrupted iterations
default   [   8% ] 019/250 VUs  0m10.0s/2m10.0s

running (0m11.0s), 022/250 VUs, 2230 complete and 0 interrupted iterations
default   [   8% ] 022/250 VUs  0m11.0s/2m10.0s

running (0m12.0s), 025/250 VUs, 2663 complete and 0 interrupted iterations
default   [   9% ] 025/250 VUs  0m12.0s/2m10.0s

running (0m13.0s), 028/250 VUs, 3169 complete and 0 interrupted iterations
default   [  10% ] 028/250 VUs  0m13.0s/2m10.0s

running (0m14.0s), 031/250 VUs, 3715 complete and 0 interrupted iterations
default   [  11% ] 031/250 VUs  0m14.0s/2m10.0s

running (0m15.0s), 034/250 VUs, 4332 complete and 0 interrupted iterations
default   [  12% ] 034/250 VUs  0m15.0s/2m10.0s

running (0m16.0s), 037/250 VUs, 4988 complete and 0 interrupted iterations
default   [  12% ] 037/250 VUs  0m16.0s/2m10.0s

running (0m17.0s), 040/250 VUs, 5635 complete and 0 interrupted iterations
default   [  13% ] 040/250 VUs  0m17.0s/2m10.0s

running (0m18.0s), 043/250 VUs, 6340 complete and 0 interrupted iterations
default   [  14% ] 043/250 VUs  0m18.0s/2m10.0s

running (0m19.0s), 046/250 VUs, 7115 complete and 0 interrupted iterations
default   [  15% ] 046/250 VUs  0m19.0s/2m10.0s

running (0m20.0s), 049/250 VUs, 7977 complete and 0 interrupted iterations
default   [  15% ] 049/250 VUs  0m20.0s/2m10.0s

running (0m21.0s), 052/250 VUs, 8942 complete and 0 interrupted iterations
default   [  16% ] 052/250 VUs  0m21.0s/2m10.0s

running (0m22.0s), 055/250 VUs, 9915 complete and 0 interrupted iterations
default   [  17% ] 055/250 VUs  0m22.0s/2m10.0s

running (0m23.0s), 058/250 VUs, 10988 complete and 0 interrupted iterations
default   [  18% ] 058/250 VUs  0m23.0s/2m10.0s

running (0m24.0s), 061/250 VUs, 12074 complete and 0 interrupted iterations
default   [  18% ] 061/250 VUs  0m24.0s/2m10.0s

running (0m25.0s), 064/250 VUs, 13240 complete and 0 interrupted iterations
default   [  19% ] 064/250 VUs  0m25.0s/2m10.0s

running (0m26.0s), 067/250 VUs, 14329 complete and 0 interrupted iterations
default   [  20% ] 067/250 VUs  0m26.0s/2m10.0s

running (0m27.0s), 070/250 VUs, 15607 complete and 0 interrupted iterations
default   [  21% ] 070/250 VUs  0m27.0s/2m10.0s

running (0m28.0s), 073/250 VUs, 16935 complete and 0 interrupted iterations
default   [  22% ] 073/250 VUs  0m28.0s/2m10.0s

running (0m29.0s), 076/250 VUs, 18322 complete and 0 interrupted iterations
default   [  22% ] 076/250 VUs  0m29.0s/2m10.0s

running (0m30.0s), 079/250 VUs, 19458 complete and 0 interrupted iterations
default   [  23% ] 079/250 VUs  0m30.0s/2m10.0s

running (0m31.0s), 081/250 VUs, 20862 complete and 0 interrupted iterations
default   [  24% ] 081/250 VUs  0m31.0s/2m10.0s

running (0m32.0s), 083/250 VUs, 22276 complete and 0 interrupted iterations
default   [  25% ] 083/250 VUs  0m32.0s/2m10.0s

running (0m33.0s), 085/250 VUs, 23852 complete and 0 interrupted iterations
default   [  25% ] 085/250 VUs  0m33.0s/2m10.0s

running (0m34.0s), 086/250 VUs, 25408 complete and 0 interrupted iterations
default   [  26% ] 086/250 VUs  0m34.0s/2m10.0s

running (0m35.0s), 088/250 VUs, 26890 complete and 0 interrupted iterations
default   [  27% ] 088/250 VUs  0m35.0s/2m10.0s

running (0m36.0s), 090/250 VUs, 28506 complete and 0 interrupted iterations
default   [  28% ] 090/250 VUs  0m36.0s/2m10.0s

running (0m37.0s), 092/250 VUs, 30197 complete and 0 interrupted iterations
default   [  28% ] 092/250 VUs  0m37.0s/2m10.0s

running (0m38.0s), 093/250 VUs, 31894 complete and 0 interrupted iterations
default   [  29% ] 093/250 VUs  0m38.0s/2m10.0s

running (0m39.0s), 095/250 VUs, 33621 complete and 0 interrupted iterations
default   [  30% ] 095/250 VUs  0m39.0s/2m10.0s

running (0m40.0s), 097/250 VUs, 35372 complete and 0 interrupted iterations
default   [  31% ] 097/250 VUs  0m40.0s/2m10.0s

running (0m41.0s), 099/250 VUs, 36816 complete and 0 interrupted iterations
default   [  32% ] 099/250 VUs  0m41.0s/2m10.0s

running (0m42.0s), 100/250 VUs, 38306 complete and 0 interrupted iterations
default   [  32% ] 100/250 VUs  0m42.0s/2m10.0s

running (0m43.0s), 102/250 VUs, 40154 complete and 0 interrupted iterations
default   [  33% ] 102/250 VUs  0m43.0s/2m10.0s

running (0m44.0s), 104/250 VUs, 41819 complete and 0 interrupted iterations
default   [  34% ] 104/250 VUs  0m44.0s/2m10.0s

running (0m45.0s), 106/250 VUs, 43511 complete and 0 interrupted iterations
default   [  35% ] 106/250 VUs  0m45.0s/2m10.0s

running (0m46.0s), 107/250 VUs, 45241 complete and 0 interrupted iterations
default   [  35% ] 107/250 VUs  0m46.0s/2m10.0s

running (0m47.0s), 109/250 VUs, 47110 complete and 0 interrupted iterations
default   [  36% ] 109/250 VUs  0m47.0s/2m10.0s

running (0m48.0s), 111/250 VUs, 49125 complete and 0 interrupted iterations
default   [  37% ] 111/250 VUs  0m48.0s/2m10.0s

running (0m49.0s), 113/250 VUs, 50916 complete and 0 interrupted iterations
default   [  38% ] 113/250 VUs  0m49.0s/2m10.0s

running (0m50.0s), 114/250 VUs, 52821 complete and 0 interrupted iterations
default   [  38% ] 114/250 VUs  0m50.0s/2m10.0s

running (0m51.0s), 116/250 VUs, 54918 complete and 0 interrupted iterations
default   [  39% ] 116/250 VUs  0m51.0s/2m10.0s

running (0m52.0s), 118/250 VUs, 57018 complete and 0 interrupted iterations
default   [  40% ] 118/250 VUs  0m52.0s/2m10.0s

running (0m53.0s), 120/250 VUs, 59137 complete and 0 interrupted iterations
default   [  41% ] 120/250 VUs  0m53.0s/2m10.0s

running (0m54.0s), 121/250 VUs, 61136 complete and 0 interrupted iterations
default   [  42% ] 121/250 VUs  0m54.0s/2m10.0s

running (0m55.0s), 123/250 VUs, 63014 complete and 0 interrupted iterations
default   [  42% ] 123/250 VUs  0m55.0s/2m10.0s

running (0m56.0s), 125/250 VUs, 65083 complete and 0 interrupted iterations
default   [  43% ] 125/250 VUs  0m56.0s/2m10.0s

running (0m57.0s), 127/250 VUs, 67313 complete and 0 interrupted iterations
default   [  44% ] 127/250 VUs  0m57.0s/2m10.0s

running (0m58.0s), 128/250 VUs, 69558 complete and 0 interrupted iterations
default   [  45% ] 128/250 VUs  0m58.0s/2m10.0s

running (0m59.0s), 130/250 VUs, 71729 complete and 0 interrupted iterations
default   [  45% ] 130/250 VUs  0m59.0s/2m10.0s

running (1m00.0s), 132/250 VUs, 73804 complete and 0 interrupted iterations
default   [  46% ] 132/250 VUs  1m00.0s/2m10.0s

running (1m01.0s), 134/250 VUs, 75994 complete and 0 interrupted iterations
default   [  47% ] 134/250 VUs  1m01.0s/2m10.0s

running (1m02.0s), 135/250 VUs, 78180 complete and 0 interrupted iterations
default   [  48% ] 135/250 VUs  1m02.0s/2m10.0s

running (1m03.0s), 137/250 VUs, 80458 complete and 0 interrupted iterations
default   [  48% ] 137/250 VUs  1m03.0s/2m10.0s

running (1m04.0s), 139/250 VUs, 81947 complete and 0 interrupted iterations
default   [  49% ] 139/250 VUs  1m04.0s/2m10.0s

running (1m05.0s), 141/250 VUs, 84009 complete and 0 interrupted iterations
default   [  50% ] 141/250 VUs  1m05.0s/2m10.0s

running (1m06.0s), 142/250 VUs, 86265 complete and 0 interrupted iterations
default   [  51% ] 142/250 VUs  1m06.0s/2m10.0s

running (1m07.0s), 144/250 VUs, 88528 complete and 0 interrupted iterations
default   [  52% ] 144/250 VUs  1m07.0s/2m10.0s

running (1m08.0s), 146/250 VUs, 90689 complete and 0 interrupted iterations
default   [  52% ] 146/250 VUs  1m08.0s/2m10.0s

running (1m09.0s), 148/250 VUs, 92892 complete and 0 interrupted iterations
default   [  53% ] 148/250 VUs  1m09.0s/2m10.0s

running (1m10.0s), 149/250 VUs, 95025 complete and 0 interrupted iterations
default   [  54% ] 149/250 VUs  1m10.0s/2m10.0s

running (1m11.0s), 152/250 VUs, 96966 complete and 0 interrupted iterations
default   [  55% ] 152/250 VUs  1m11.0s/2m10.0s

running (1m12.0s), 154/250 VUs, 99121 complete and 0 interrupted iterations
default   [  55% ] 154/250 VUs  1m12.0s/2m10.0s

running (1m13.0s), 157/250 VUs, 101085 complete and 0 interrupted iterations
default   [  56% ] 157/250 VUs  1m13.0s/2m10.0s

running (1m14.0s), 159/250 VUs, 103158 complete and 0 interrupted iterations
default   [  57% ] 159/250 VUs  1m14.0s/2m10.0s

running (1m15.0s), 162/250 VUs, 105147 complete and 0 interrupted iterations
default   [  58% ] 162/250 VUs  1m15.0s/2m10.0s

running (1m16.0s), 164/250 VUs, 106855 complete and 0 interrupted iterations
default   [  58% ] 164/250 VUs  1m16.0s/2m10.0s

running (1m17.0s), 167/250 VUs, 109009 complete and 0 interrupted iterations
default   [  59% ] 167/250 VUs  1m17.0s/2m10.0s

running (1m18.0s), 169/250 VUs, 111107 complete and 0 interrupted iterations
default   [  60% ] 169/250 VUs  1m18.0s/2m10.0s

running (1m19.0s), 172/250 VUs, 113142 complete and 0 interrupted iterations
default   [  61% ] 172/250 VUs  1m19.0s/2m10.0s

running (1m20.0s), 174/250 VUs, 115098 complete and 0 interrupted iterations
default   [  62% ] 174/250 VUs  1m20.0s/2m10.0s

running (1m21.0s), 177/250 VUs, 117007 complete and 0 interrupted iterations
default   [  62% ] 177/250 VUs  1m21.0s/2m10.0s

running (1m22.0s), 179/250 VUs, 118982 complete and 0 interrupted iterations
default   [  63% ] 179/250 VUs  1m22.0s/2m10.0s

running (1m23.0s), 182/250 VUs, 120946 complete and 0 interrupted iterations
default   [  64% ] 182/250 VUs  1m23.0s/2m10.0s

running (1m24.0s), 184/250 VUs, 122860 complete and 0 interrupted iterations
default   [  65% ] 184/250 VUs  1m24.0s/2m10.0s

running (1m25.0s), 187/250 VUs, 124786 complete and 0 interrupted iterations
default   [  65% ] 187/250 VUs  1m25.0s/2m10.0s

running (1m26.0s), 189/250 VUs, 126600 complete and 0 interrupted iterations
default   [  66% ] 189/250 VUs  1m26.0s/2m10.0s

running (1m27.0s), 192/250 VUs, 128500 complete and 0 interrupted iterations
default   [  67% ] 192/250 VUs  1m27.0s/2m10.0s

running (1m28.0s), 194/250 VUs, 130311 complete and 0 interrupted iterations
default   [  68% ] 194/250 VUs  1m28.0s/2m10.0s

running (1m29.0s), 197/250 VUs, 132256 complete and 0 interrupted iterations
default   [  68% ] 197/250 VUs  1m29.0s/2m10.0s

running (1m30.0s), 199/250 VUs, 133965 complete and 0 interrupted iterations
default   [  69% ] 199/250 VUs  1m30.0s/2m10.0s

running (1m31.0s), 202/250 VUs, 135747 complete and 0 interrupted iterations
default   [  70% ] 202/250 VUs  1m31.0s/2m10.0s

running (1m32.0s), 204/250 VUs, 137525 complete and 0 interrupted iterations
default   [  71% ] 204/250 VUs  1m32.0s/2m10.0s

running (1m33.0s), 207/250 VUs, 138748 complete and 0 interrupted iterations
default   [  72% ] 207/250 VUs  1m33.0s/2m10.0s

running (1m34.0s), 209/250 VUs, 140396 complete and 0 interrupted iterations
default   [  72% ] 209/250 VUs  1m34.0s/2m10.0s

running (1m35.0s), 212/250 VUs, 141185 complete and 0 interrupted iterations
default   [  73% ] 212/250 VUs  1m35.0s/2m10.0s

running (1m36.0s), 214/250 VUs, 142037 complete and 0 interrupted iterations
default   [  74% ] 214/250 VUs  1m36.0s/2m10.0s

running (1m37.0s), 217/250 VUs, 143026 complete and 0 interrupted iterations
default   [  75% ] 217/250 VUs  1m37.0s/2m10.0s

running (1m38.0s), 219/250 VUs, 143985 complete and 0 interrupted iterations
default   [  75% ] 219/250 VUs  1m38.0s/2m10.0s

running (1m39.0s), 222/250 VUs, 144896 complete and 0 interrupted iterations
default   [  76% ] 222/250 VUs  1m39.0s/2m10.0s

running (1m40.0s), 224/250 VUs, 145531 complete and 0 interrupted iterations
default   [  77% ] 224/250 VUs  1m40.0s/2m10.0s

running (1m41.0s), 227/250 VUs, 146345 complete and 0 interrupted iterations
default   [  78% ] 227/250 VUs  1m41.0s/2m10.0s

running (1m42.0s), 229/250 VUs, 147245 complete and 0 interrupted iterations
default   [  78% ] 229/250 VUs  1m42.0s/2m10.0s

running (1m43.0s), 232/250 VUs, 147930 complete and 0 interrupted iterations
default   [  79% ] 232/250 VUs  1m43.0s/2m10.0s

running (1m44.0s), 234/250 VUs, 149028 complete and 0 interrupted iterations
default   [  80% ] 234/250 VUs  1m44.0s/2m10.0s

running (1m45.0s), 237/250 VUs, 149929 complete and 0 interrupted iterations
default   [  81% ] 237/250 VUs  1m45.0s/2m10.0s

running (1m46.0s), 239/250 VUs, 150423 complete and 0 interrupted iterations
default   [  82% ] 239/250 VUs  1m46.0s/2m10.0s

running (1m47.0s), 242/250 VUs, 151347 complete and 0 interrupted iterations
default   [  82% ] 242/250 VUs  1m47.0s/2m10.0s

running (1m48.0s), 244/250 VUs, 152038 complete and 0 interrupted iterations
default   [  83% ] 244/250 VUs  1m48.0s/2m10.0s

running (1m49.0s), 247/250 VUs, 152756 complete and 0 interrupted iterations
default   [  84% ] 247/250 VUs  1m49.0s/2m10.0s

running (1m50.0s), 249/250 VUs, 153964 complete and 0 interrupted iterations
default   [  85% ] 249/250 VUs  1m50.0s/2m10.0s

running (1m51.0s), 243/250 VUs, 154478 complete and 0 interrupted iterations
default   [  85% ] 243/250 VUs  1m51.0s/2m10.0s

running (1m52.0s), 229/250 VUs, 155154 complete and 0 interrupted iterations
default   [  86% ] 229/250 VUs  1m52.0s/2m10.0s

running (1m53.0s), 214/250 VUs, 156027 complete and 0 interrupted iterations
default   [  87% ] 214/250 VUs  1m53.0s/2m10.0s

running (1m54.0s), 204/250 VUs, 156652 complete and 0 interrupted iterations
default   [  88% ] 204/250 VUs  1m54.0s/2m10.0s

running (1m55.0s), 190/250 VUs, 157414 complete and 0 interrupted iterations
default   [  88% ] 190/250 VUs  1m55.0s/2m10.0s

running (1m56.0s), 179/250 VUs, 158320 complete and 0 interrupted iterations
default   [  89% ] 179/250 VUs  1m56.0s/2m10.0s

running (1m57.0s), 165/250 VUs, 158879 complete and 0 interrupted iterations
default   [  90% ] 165/250 VUs  1m57.0s/2m10.0s

running (1m58.0s), 153/250 VUs, 159400 complete and 0 interrupted iterations
default   [  91% ] 153/250 VUs  1m58.0s/2m10.0s

running (1m59.0s), 139/250 VUs, 160095 complete and 0 interrupted iterations
default   [  92% ] 139/250 VUs  1m59.0s/2m10.0s

running (2m00.0s), 126/250 VUs, 160965 complete and 0 interrupted iterations
default   [  92% ] 126/250 VUs  2m00.0s/2m10.0s

running (2m01.0s), 115/250 VUs, 161549 complete and 0 interrupted iterations
default   [  93% ] 115/250 VUs  2m01.0s/2m10.0s

running (2m02.0s), 101/250 VUs, 162162 complete and 0 interrupted iterations
default   [  94% ] 101/250 VUs  2m02.0s/2m10.0s

running (2m03.0s), 088/250 VUs, 162896 complete and 0 interrupted iterations
default   [  95% ] 088/250 VUs  2m03.0s/2m10.0s

running (2m04.0s), 078/250 VUs, 163458 complete and 0 interrupted iterations
default   [  95% ] 078/250 VUs  2m04.0s/2m10.0s

running (2m05.0s), 064/250 VUs, 164077 complete and 0 interrupted iterations
default   [  96% ] 064/250 VUs  2m05.0s/2m10.0s

running (2m06.0s), 051/250 VUs, 164693 complete and 0 interrupted iterations
default   [  97% ] 051/250 VUs  2m06.0s/2m10.0s

running (2m07.0s), 038/250 VUs, 165207 complete and 0 interrupted iterations
default   [  98% ] 038/250 VUs  2m07.0s/2m10.0s

running (2m08.0s), 026/250 VUs, 165706 complete and 0 interrupted iterations
default   [  98% ] 026/250 VUs  2m08.0s/2m10.0s

running (2m09.0s), 014/250 VUs, 166068 complete and 0 interrupted iterations
default   [  99% ] 014/250 VUs  2m09.0s/2m10.0s

running (2m10.0s), 001/250 VUs, 166211 complete and 0 interrupted iterations
default   [ 100% ] 001/250 VUs  2m10.0s/2m10.0s


  █ THRESHOLDS 

    http_req_failed
    ✓ 'rate<0.05' rate=0.00%


  █ TOTAL RESULTS 

    checks_total.......: 340861  2621.237004/s
    checks_succeeded...: 100.00% 340861 out of 340861
    checks_failed......: 0.00%   0 out of 340861

    ✓ create 201
    ✓ get 200
    ✓ count 200

    HTTP
    http_req_duration..............: avg=22.83ms min=150.03µs med=4.36ms max=499.94ms p(90)=55.19ms  p(95)=139.11ms p(99)=247.37ms
      { expected_response:true }...: avg=22.83ms min=150.03µs med=4.36ms max=499.94ms p(90)=55.19ms  p(95)=139.11ms p(99)=247.37ms
    http_req_failed................: 0.00%  0 out of 340861
    http_reqs......................: 340861 2621.237004/s

    EXECUTION
    iteration_duration.............: avg=97.38ms min=51.95ms  med=61.1ms max=914.77ms p(90)=199.94ms p(95)=295.43ms p(99)=412.05ms
    iterations.....................: 166212 1278.17804/s
    vus............................: 1      min=1           max=249
    vus_max........................: 250    min=250         max=250

    NETWORK
    data_received..................: 96 MB  741 kB/s
    data_sent......................: 57 MB  439 kB/s




running (2m10.0s), 000/250 VUs, 166212 complete and 0 interrupted iterations
default ✓ [ 100% ] 000/250 VUs  2m10s
