
         /\      Grafana   /‾‾/  
    /\  /  \     |\  __   /  /   
   /  \/    \    | |/ /  /   ‾‾\ 
  /          \   |   (  |  (‾)  |
 / __________ \  |_|\_\  \_____/ 


     execution: local
        script: /b/post-heavy.js
        output: -

     scenarios: (100.00%) 1 scenario, 250 max VUs, 2m40s max duration (incl. graceful stop):
              * default: Up to 250 looping VUs for 2m10s over 5 stages (gracefulRampDown: 30s, gracefulStop: 30s)


running (0m01.0s), 002/250 VUs, 24 complete and 0 interrupted iterations
default   [   1% ] 002/250 VUs  0m01.0s/2m10.0s

running (0m02.0s), 004/250 VUs, 81 complete and 0 interrupted iterations
default   [   2% ] 004/250 VUs  0m02.0s/2m10.0s

running (0m03.0s), 006/250 VUs, 170 complete and 0 interrupted iterations
default   [   2% ] 006/250 VUs  0m03.0s/2m10.0s

running (0m04.0s), 008/250 VUs, 296 complete and 0 interrupted iterations
default   [   3% ] 008/250 VUs  0m04.0s/2m10.0s

running (0m05.0s), 010/250 VUs, 428 complete and 0 interrupted iterations
default   [   4% ] 010/250 VUs  0m05.0s/2m10.0s

running (0m06.0s), 012/250 VUs, 621 complete and 0 interrupted iterations
default   [   5% ] 012/250 VUs  0m06.0s/2m10.0s

running (0m07.0s), 014/250 VUs, 841 complete and 0 interrupted iterations
default   [   5% ] 014/250 VUs  0m07.0s/2m10.0s

running (0m08.0s), 016/250 VUs, 1090 complete and 0 interrupted iterations
default   [   6% ] 016/250 VUs  0m08.0s/2m10.0s

running (0m09.0s), 018/250 VUs, 1281 complete and 0 interrupted iterations
default   [   7% ] 018/250 VUs  0m09.0s/2m10.0s

running (0m10.0s), 019/250 VUs, 1560 complete and 0 interrupted iterations
default   [   8% ] 019/250 VUs  0m10.0s/2m10.0s

running (0m11.0s), 022/250 VUs, 1891 complete and 0 interrupted iterations
default   [   8% ] 022/250 VUs  0m11.0s/2m10.0s

running (0m12.0s), 025/250 VUs, 2216 complete and 0 interrupted iterations
default   [   9% ] 025/250 VUs  0m12.0s/2m10.0s

running (0m13.0s), 028/250 VUs, 2512 complete and 0 interrupted iterations
default   [  10% ] 028/250 VUs  0m13.0s/2m10.0s

running (0m14.0s), 031/250 VUs, 2882 complete and 0 interrupted iterations
default   [  11% ] 031/250 VUs  0m14.0s/2m10.0s

running (0m15.0s), 034/250 VUs, 3220 complete and 0 interrupted iterations
default   [  12% ] 034/250 VUs  0m15.0s/2m10.0s

running (0m16.0s), 037/250 VUs, 3527 complete and 0 interrupted iterations
default   [  12% ] 037/250 VUs  0m16.0s/2m10.0s

running (0m17.0s), 040/250 VUs, 3884 complete and 0 interrupted iterations
default   [  13% ] 040/250 VUs  0m17.0s/2m10.0s

running (0m18.0s), 043/250 VUs, 4248 complete and 0 interrupted iterations
default   [  14% ] 043/250 VUs  0m18.0s/2m10.0s

running (0m19.0s), 046/250 VUs, 4581 complete and 0 interrupted iterations
default   [  15% ] 046/250 VUs  0m19.0s/2m10.0s

running (0m20.0s), 049/250 VUs, 4955 complete and 0 interrupted iterations
default   [  15% ] 049/250 VUs  0m20.0s/2m10.0s

running (0m21.0s), 052/250 VUs, 5341 complete and 0 interrupted iterations
default   [  16% ] 052/250 VUs  0m21.0s/2m10.0s

running (0m22.0s), 055/250 VUs, 5685 complete and 0 interrupted iterations
default   [  17% ] 055/250 VUs  0m22.0s/2m10.0s

running (0m23.0s), 058/250 VUs, 5990 complete and 0 interrupted iterations
default   [  18% ] 058/250 VUs  0m23.0s/2m10.0s

running (0m24.0s), 061/250 VUs, 6320 complete and 0 interrupted iterations
default   [  18% ] 061/250 VUs  0m24.0s/2m10.0s

running (0m25.0s), 064/250 VUs, 6646 complete and 0 interrupted iterations
default   [  19% ] 064/250 VUs  0m25.0s/2m10.0s

running (0m26.0s), 067/250 VUs, 6959 complete and 0 interrupted iterations
default   [  20% ] 067/250 VUs  0m26.0s/2m10.0s

running (0m27.0s), 070/250 VUs, 7298 complete and 0 interrupted iterations
default   [  21% ] 070/250 VUs  0m27.0s/2m10.0s

running (0m28.0s), 073/250 VUs, 7607 complete and 0 interrupted iterations
default   [  22% ] 073/250 VUs  0m28.0s/2m10.0s

running (0m29.0s), 076/250 VUs, 7924 complete and 0 interrupted iterations
default   [  22% ] 076/250 VUs  0m29.0s/2m10.0s

running (0m30.0s), 079/250 VUs, 8242 complete and 0 interrupted iterations
default   [  23% ] 079/250 VUs  0m30.0s/2m10.0s

running (0m31.0s), 081/250 VUs, 8557 complete and 0 interrupted iterations
default   [  24% ] 081/250 VUs  0m31.0s/2m10.0s

running (0m32.0s), 083/250 VUs, 8844 complete and 0 interrupted iterations
default   [  25% ] 083/250 VUs  0m32.0s/2m10.0s

running (0m33.0s), 085/250 VUs, 9182 complete and 0 interrupted iterations
default   [  25% ] 085/250 VUs  0m33.0s/2m10.0s

running (0m34.0s), 086/250 VUs, 9552 complete and 0 interrupted iterations
default   [  26% ] 086/250 VUs  0m34.0s/2m10.0s

running (0m35.0s), 088/250 VUs, 9860 complete and 0 interrupted iterations
default   [  27% ] 088/250 VUs  0m35.0s/2m10.0s

running (0m36.0s), 090/250 VUs, 10196 complete and 0 interrupted iterations
default   [  28% ] 090/250 VUs  0m36.0s/2m10.0s

running (0m37.0s), 092/250 VUs, 10535 complete and 0 interrupted iterations
default   [  28% ] 092/250 VUs  0m37.0s/2m10.0s

running (0m38.0s), 093/250 VUs, 10884 complete and 0 interrupted iterations
default   [  29% ] 093/250 VUs  0m38.0s/2m10.0s

running (0m39.0s), 095/250 VUs, 11229 complete and 0 interrupted iterations
default   [  30% ] 095/250 VUs  0m39.0s/2m10.0s

running (0m40.0s), 097/250 VUs, 11563 complete and 0 interrupted iterations
default   [  31% ] 097/250 VUs  0m40.0s/2m10.0s

running (0m41.0s), 099/250 VUs, 11912 complete and 0 interrupted iterations
default   [  32% ] 099/250 VUs  0m41.0s/2m10.0s

running (0m42.0s), 100/250 VUs, 12257 complete and 0 interrupted iterations
default   [  32% ] 100/250 VUs  0m42.0s/2m10.0s

running (0m43.0s), 102/250 VUs, 12588 complete and 0 interrupted iterations
default   [  33% ] 102/250 VUs  0m43.0s/2m10.0s

running (0m44.0s), 104/250 VUs, 12955 complete and 0 interrupted iterations
default   [  34% ] 104/250 VUs  0m44.0s/2m10.0s

running (0m45.0s), 106/250 VUs, 13282 complete and 0 interrupted iterations
default   [  35% ] 106/250 VUs  0m45.0s/2m10.0s

running (0m46.0s), 107/250 VUs, 13611 complete and 0 interrupted iterations
default   [  35% ] 107/250 VUs  0m46.0s/2m10.0s

running (0m47.0s), 109/250 VUs, 13931 complete and 0 interrupted iterations
default   [  36% ] 109/250 VUs  0m47.0s/2m10.0s

running (0m48.0s), 111/250 VUs, 14300 complete and 0 interrupted iterations
default   [  37% ] 111/250 VUs  0m48.0s/2m10.0s

running (0m49.0s), 113/250 VUs, 14783 complete and 0 interrupted iterations
default   [  38% ] 113/250 VUs  0m49.0s/2m10.0s

running (0m50.0s), 114/250 VUs, 15131 complete and 0 interrupted iterations
default   [  38% ] 114/250 VUs  0m50.0s/2m10.0s

running (0m51.0s), 116/250 VUs, 15452 complete and 0 interrupted iterations
default   [  39% ] 116/250 VUs  0m51.0s/2m10.0s

running (0m52.0s), 118/250 VUs, 15871 complete and 0 interrupted iterations
default   [  40% ] 118/250 VUs  0m52.0s/2m10.0s

running (0m53.0s), 120/250 VUs, 16212 complete and 0 interrupted iterations
default   [  41% ] 120/250 VUs  0m53.0s/2m10.0s

running (0m54.0s), 121/250 VUs, 16531 complete and 0 interrupted iterations
default   [  42% ] 121/250 VUs  0m54.0s/2m10.0s

running (0m55.0s), 123/250 VUs, 16863 complete and 0 interrupted iterations
default   [  42% ] 123/250 VUs  0m55.0s/2m10.0s

running (0m56.0s), 125/250 VUs, 17154 complete and 0 interrupted iterations
default   [  43% ] 125/250 VUs  0m56.0s/2m10.0s

running (0m57.0s), 127/250 VUs, 17533 complete and 0 interrupted iterations
default   [  44% ] 127/250 VUs  0m57.0s/2m10.0s

running (0m58.0s), 128/250 VUs, 17914 complete and 0 interrupted iterations
default   [  45% ] 128/250 VUs  0m58.0s/2m10.0s

running (0m59.0s), 130/250 VUs, 18283 complete and 0 interrupted iterations
default   [  45% ] 130/250 VUs  0m59.0s/2m10.0s

running (1m00.0s), 132/250 VUs, 18628 complete and 0 interrupted iterations
default   [  46% ] 132/250 VUs  1m00.0s/2m10.0s

running (1m01.0s), 134/250 VUs, 19002 complete and 0 interrupted iterations
default   [  47% ] 134/250 VUs  1m01.0s/2m10.0s

running (1m02.0s), 135/250 VUs, 19391 complete and 0 interrupted iterations
default   [  48% ] 135/250 VUs  1m02.0s/2m10.0s

running (1m03.0s), 137/250 VUs, 19768 complete and 0 interrupted iterations
default   [  48% ] 137/250 VUs  1m03.0s/2m10.0s

running (1m04.0s), 139/250 VUs, 20134 complete and 0 interrupted iterations
default   [  49% ] 139/250 VUs  1m04.0s/2m10.0s

running (1m05.0s), 141/250 VUs, 20490 complete and 0 interrupted iterations
default   [  50% ] 141/250 VUs  1m05.0s/2m10.0s

running (1m06.0s), 142/250 VUs, 20890 complete and 0 interrupted iterations
default   [  51% ] 142/250 VUs  1m06.0s/2m10.0s

running (1m07.0s), 144/250 VUs, 21266 complete and 0 interrupted iterations
default   [  52% ] 144/250 VUs  1m07.0s/2m10.0s

running (1m08.0s), 146/250 VUs, 21628 complete and 0 interrupted iterations
default   [  52% ] 146/250 VUs  1m08.0s/2m10.0s

running (1m09.0s), 148/250 VUs, 22008 complete and 0 interrupted iterations
default   [  53% ] 148/250 VUs  1m09.0s/2m10.0s

running (1m10.0s), 149/250 VUs, 22402 complete and 0 interrupted iterations
default   [  54% ] 149/250 VUs  1m10.0s/2m10.0s

running (1m11.0s), 152/250 VUs, 22770 complete and 0 interrupted iterations
default   [  55% ] 152/250 VUs  1m11.0s/2m10.0s

running (1m12.0s), 154/250 VUs, 23138 complete and 0 interrupted iterations
default   [  55% ] 154/250 VUs  1m12.0s/2m10.0s

running (1m13.0s), 157/250 VUs, 23519 complete and 0 interrupted iterations
default   [  56% ] 157/250 VUs  1m13.0s/2m10.0s

running (1m14.0s), 159/250 VUs, 23954 complete and 0 interrupted iterations
default   [  57% ] 159/250 VUs  1m14.0s/2m10.0s

running (1m15.0s), 162/250 VUs, 24341 complete and 0 interrupted iterations
default   [  58% ] 162/250 VUs  1m15.0s/2m10.0s

running (1m16.0s), 164/250 VUs, 24725 complete and 0 interrupted iterations
default   [  58% ] 164/250 VUs  1m16.0s/2m10.0s

running (1m17.0s), 167/250 VUs, 25126 complete and 0 interrupted iterations
default   [  59% ] 167/250 VUs  1m17.0s/2m10.0s

running (1m18.0s), 169/250 VUs, 25502 complete and 0 interrupted iterations
default   [  60% ] 169/250 VUs  1m18.0s/2m10.0s

running (1m19.0s), 172/250 VUs, 25905 complete and 0 interrupted iterations
default   [  61% ] 172/250 VUs  1m19.0s/2m10.0s

running (1m20.0s), 174/250 VUs, 26287 complete and 0 interrupted iterations
default   [  62% ] 174/250 VUs  1m20.0s/2m10.0s

running (1m21.0s), 177/250 VUs, 26654 complete and 0 interrupted iterations
default   [  62% ] 177/250 VUs  1m21.0s/2m10.0s

running (1m22.0s), 179/250 VUs, 27084 complete and 0 interrupted iterations
default   [  63% ] 179/250 VUs  1m22.0s/2m10.0s

running (1m23.0s), 182/250 VUs, 27539 complete and 0 interrupted iterations
default   [  64% ] 182/250 VUs  1m23.0s/2m10.0s

running (1m24.0s), 184/250 VUs, 27912 complete and 0 interrupted iterations
default   [  65% ] 184/250 VUs  1m24.0s/2m10.0s

running (1m25.0s), 187/250 VUs, 28313 complete and 0 interrupted iterations
default   [  65% ] 187/250 VUs  1m25.0s/2m10.0s

running (1m26.0s), 189/250 VUs, 28747 complete and 0 interrupted iterations
default   [  66% ] 189/250 VUs  1m26.0s/2m10.0s

running (1m27.0s), 192/250 VUs, 29171 complete and 0 interrupted iterations
default   [  67% ] 192/250 VUs  1m27.0s/2m10.0s

running (1m28.0s), 194/250 VUs, 29587 complete and 0 interrupted iterations
default   [  68% ] 194/250 VUs  1m28.0s/2m10.0s

running (1m29.0s), 197/250 VUs, 30049 complete and 0 interrupted iterations
default   [  68% ] 197/250 VUs  1m29.0s/2m10.0s

running (1m30.0s), 199/250 VUs, 30466 complete and 0 interrupted iterations
default   [  69% ] 199/250 VUs  1m30.0s/2m10.0s

running (1m31.0s), 202/250 VUs, 30874 complete and 0 interrupted iterations
default   [  70% ] 202/250 VUs  1m31.0s/2m10.0s

running (1m32.0s), 204/250 VUs, 31223 complete and 0 interrupted iterations
default   [  71% ] 204/250 VUs  1m32.0s/2m10.0s

running (1m33.0s), 207/250 VUs, 31575 complete and 0 interrupted iterations
default   [  72% ] 207/250 VUs  1m33.0s/2m10.0s

running (1m34.0s), 209/250 VUs, 31818 complete and 0 interrupted iterations
default   [  72% ] 209/250 VUs  1m34.0s/2m10.0s

running (1m35.0s), 212/250 VUs, 32060 complete and 0 interrupted iterations
default   [  73% ] 212/250 VUs  1m35.0s/2m10.0s

running (1m36.0s), 214/250 VUs, 32358 complete and 0 interrupted iterations
default   [  74% ] 214/250 VUs  1m36.0s/2m10.0s

running (1m37.0s), 217/250 VUs, 32632 complete and 0 interrupted iterations
default   [  75% ] 217/250 VUs  1m37.0s/2m10.0s

running (1m38.0s), 219/250 VUs, 32963 complete and 0 interrupted iterations
default   [  75% ] 219/250 VUs  1m38.0s/2m10.0s

running (1m39.0s), 222/250 VUs, 33214 complete and 0 interrupted iterations
default   [  76% ] 222/250 VUs  1m39.0s/2m10.0s

running (1m40.0s), 224/250 VUs, 33560 complete and 0 interrupted iterations
default   [  77% ] 224/250 VUs  1m40.0s/2m10.0s

running (1m41.0s), 227/250 VUs, 33758 complete and 0 interrupted iterations
default   [  78% ] 227/250 VUs  1m41.0s/2m10.0s

running (1m42.0s), 229/250 VUs, 34135 complete and 0 interrupted iterations
default   [  78% ] 229/250 VUs  1m42.0s/2m10.0s

running (1m43.0s), 232/250 VUs, 34512 complete and 0 interrupted iterations
default   [  79% ] 232/250 VUs  1m43.0s/2m10.0s

running (1m44.0s), 234/250 VUs, 34769 complete and 0 interrupted iterations
default   [  80% ] 234/250 VUs  1m44.0s/2m10.0s

running (1m45.0s), 237/250 VUs, 35115 complete and 0 interrupted iterations
default   [  81% ] 237/250 VUs  1m45.0s/2m10.0s

running (1m46.0s), 239/250 VUs, 35472 complete and 0 interrupted iterations
default   [  82% ] 239/250 VUs  1m46.0s/2m10.0s

running (1m47.0s), 242/250 VUs, 35780 complete and 0 interrupted iterations
default   [  82% ] 242/250 VUs  1m47.0s/2m10.0s

running (1m48.0s), 244/250 VUs, 36065 complete and 0 interrupted iterations
default   [  83% ] 244/250 VUs  1m48.0s/2m10.0s

running (1m49.0s), 247/250 VUs, 36313 complete and 0 interrupted iterations
default   [  84% ] 247/250 VUs  1m49.0s/2m10.0s

running (1m50.0s), 249/250 VUs, 36508 complete and 0 interrupted iterations
default   [  85% ] 249/250 VUs  1m50.0s/2m10.0s

running (1m51.0s), 245/250 VUs, 36804 complete and 0 interrupted iterations
default   [  85% ] 245/250 VUs  1m51.0s/2m10.0s

running (1m52.0s), 230/250 VUs, 37098 complete and 0 interrupted iterations
default   [  86% ] 230/250 VUs  1m52.0s/2m10.0s

running (1m53.0s), 219/250 VUs, 37378 complete and 0 interrupted iterations
default   [  87% ] 219/250 VUs  1m53.0s/2m10.0s

running (1m54.0s), 210/250 VUs, 37646 complete and 0 interrupted iterations
default   [  88% ] 210/250 VUs  1m54.0s/2m10.0s

running (1m55.0s), 197/250 VUs, 37937 complete and 0 interrupted iterations
default   [  88% ] 197/250 VUs  1m55.0s/2m10.0s

running (1m56.0s), 182/250 VUs, 38211 complete and 0 interrupted iterations
default   [  89% ] 182/250 VUs  1m56.0s/2m10.0s

running (1m57.0s), 165/250 VUs, 38552 complete and 0 interrupted iterations
default   [  90% ] 165/250 VUs  1m57.0s/2m10.0s

running (1m58.0s), 155/250 VUs, 38808 complete and 0 interrupted iterations
default   [  91% ] 155/250 VUs  1m58.0s/2m10.0s

running (1m59.0s), 142/250 VUs, 39080 complete and 0 interrupted iterations
default   [  92% ] 142/250 VUs  1m59.0s/2m10.0s

running (2m00.0s), 128/250 VUs, 39411 complete and 0 interrupted iterations
default   [  92% ] 128/250 VUs  2m00.0s/2m10.0s

running (2m01.0s), 117/250 VUs, 39665 complete and 0 interrupted iterations
default   [  93% ] 117/250 VUs  2m01.0s/2m10.0s

running (2m02.0s), 104/250 VUs, 39889 complete and 0 interrupted iterations
default   [  94% ] 104/250 VUs  2m02.0s/2m10.0s

running (2m03.0s), 089/250 VUs, 40263 complete and 0 interrupted iterations
default   [  95% ] 089/250 VUs  2m03.0s/2m10.0s

running (2m04.0s), 078/250 VUs, 40593 complete and 0 interrupted iterations
default   [  95% ] 078/250 VUs  2m04.0s/2m10.0s

running (2m05.0s), 066/250 VUs, 40851 complete and 0 interrupted iterations
default   [  96% ] 066/250 VUs  2m05.0s/2m10.0s

running (2m06.0s), 052/250 VUs, 41137 complete and 0 interrupted iterations
default   [  97% ] 052/250 VUs  2m06.0s/2m10.0s

running (2m07.0s), 040/250 VUs, 41437 complete and 0 interrupted iterations
default   [  98% ] 040/250 VUs  2m07.0s/2m10.0s

running (2m08.0s), 027/250 VUs, 41676 complete and 0 interrupted iterations
default   [  98% ] 027/250 VUs  2m08.0s/2m10.0s

running (2m09.0s), 014/250 VUs, 41885 complete and 0 interrupted iterations
default   [  99% ] 014/250 VUs  2m09.0s/2m10.0s

running (2m10.0s), 001/250 VUs, 41988 complete and 0 interrupted iterations
default   [ 100% ] 001/250 VUs  2m10.0s/2m10.0s


  █ THRESHOLDS 

    http_req_failed
    ✓ 'rate<0.05' rate=0.00%


  █ TOTAL RESULTS 

    checks_total.......: 86210   662.92873/s
    checks_succeeded...: 100.00% 86210 out of 86210
    checks_failed......: 0.00%   0 out of 86210

    ✓ create 201
    ✓ get 200
    ✓ count 200

    HTTP
    http_req_duration..............: avg=163.03ms min=250.9µs med=141.26ms max=3.84s p(90)=351.07ms p(95)=450.86ms p(99)=645.09ms
      { expected_response:true }...: avg=163.03ms min=250.9µs med=141.26ms max=3.84s p(90)=351.07ms p(95)=450.86ms p(99)=645.09ms
    http_req_failed................: 0.00% 0 out of 86210
    http_reqs......................: 86210 662.92873/s

    EXECUTION
    iteration_duration.............: avg=386.35ms min=52.07ms med=305.26ms max=3.9s  p(90)=738.16ms p(95)=901ms    p(99)=1.21s   
    iterations.....................: 41990 322.890353/s
    vus............................: 1     min=1          max=249
    vus_max........................: 250   min=250        max=250

    NETWORK
    data_received..................: 24 MB 187 kB/s
    data_sent......................: 14 MB 108 kB/s




running (2m10.0s), 000/250 VUs, 41990 complete and 0 interrupted iterations
default ✓ [ 100% ] 000/250 VUs  2m10s
