
         /\      Grafana   /‾‾/  
    /\  /  \     |\  __   /  /   
   /  \/    \    | |/ /  /   ‾‾\ 
  /          \   |   (  |  (‾)  |
 / __________ \  |_|\_\  \_____/ 


     execution: local
        script: /b/contract-ko.js
        output: -

     scenarios: (100.00%) 1 scenario, 1 max VUs, 10m30s max duration (incl. graceful stop):
              * default: 1 iterations shared among 1 VUs (maxDuration: 10m0s, gracefulStop: 30s)



  █ THRESHOLDS 

    http_req_failed{expected_response:true}
    ✓ 'rate<0.01' rate=0.00%


  █ TOTAL RESULTS 

    checks_total.......: 8       562.008467/s
    checks_succeeded...: 100.00% 8 out of 8
    checks_failed......: 0.00%   0 out of 8

    ✓ valid create 201
    ✓ duplicate 422
    ✓ invalid json 400
    ✓ empty body 400 or 422
    ✓ invalid field 422
    ✓ missing term 400
    ✓ not found 404
    ✓ count 200

    HTTP
    http_req_duration..............: avg=1.55ms min=263.63µs med=712.29µs max=5.64ms p(90)=3.98ms p(95)=4.81ms p(99)=5.47ms
      { expected_response:true }...: avg=3.31ms min=991.84µs med=3.31ms   max=5.64ms p(90)=5.18ms p(95)=5.41ms p(99)=5.59ms
    http_req_failed................: 75.00% 6 out of 8
      { expected_response:true }...: 0.00%  0 out of 2
    http_reqs......................: 8      562.008467/s

    EXECUTION
    iteration_duration.............: avg=14.1ms min=14.1ms   med=14.1ms   max=14.1ms p(90)=14.1ms p(95)=14.1ms p(99)=14.1ms
    iterations.....................: 1      70.251058/s

    NETWORK
    data_received..................: 1.6 kB 113 kB/s
    data_sent......................: 1.1 kB 80 kB/s




running (00m00.0s), 0/1 VUs, 1 complete and 0 interrupted iterations
default ✓ [ 100% ] 1 VUs  00m00.0s/10m0s  1/1 shared iters
